// Jest Snapshot v1, https://goo.gl/fbAQLP

exports[`Checking if Quote deploy correctly if Calculator renders correctly 1`] = `
<p
  style={
    Object {
      "fontSize": "2rem",
      "fontWeight": "600",
      "lineHeight": "1em",
      "margin": "15% 5%",
      "textAlign": "justyfy",
    }
  }
>
  ”Mathematics is not about numbers, equations, computations, or algorithms: it is about understanding”
  <span>
     -- William Paul Thurston
  </span>
</p>
`;
